main.c:95:6:setTimer0	16	static
main.c:100:6:setTimer1	16	static
main.c:105:6:setTimer2	16	static
main.c:110:6:setTimer3	16	static
main.c:115:6:timer_run	4	static
main.c:137:6:display7SEG	16	static
main.c:154:6:updateLEDMatrix	16	static
main.c:172:6:shiftMatrixLeft	32	static
main.c:207:6:disableAllDigits	8	static
main.c:211:6:enableDigit	16	static
main.c:220:6:update7SEG	16	static
main.c:226:6:updateClockBuffer	4	static
main.c:239:5:main	8	static
main.c:320:6:SystemClock_Config	72	static
main.c:356:13:MX_TIM2_Init	32	static
main.c:401:13:MX_GPIO_Init	32	static
main.c:450:6:HAL_TIM_PeriodElapsedCallback	16	static
main.c:461:6:Error_Handler	4	static,ignoring_inline_asm
