main.c:91:6:setTimer0	16	static
main.c:96:6:setTimer1	16	static
main.c:101:6:setTimer2	16	static
main.c:106:6:timer_run	4	static
main.c:123:6:display7SEG	16	static
main.c:140:6:updateLEDMatrix	16	static
main.c:158:6:disableAllDigits	8	static
main.c:162:6:enableDigit	16	static
main.c:171:6:update7SEG	16	static
main.c:177:6:updateClockBuffer	4	static
main.c:190:5:main	8	static
main.c:265:6:SystemClock_Config	72	static
main.c:301:13:MX_TIM2_Init	32	static
main.c:346:13:MX_GPIO_Init	32	static
main.c:395:6:HAL_TIM_PeriodElapsedCallback	16	static
main.c:406:6:Error_Handler	4	static,ignoring_inline_asm
